<?xml version="1.0" encoding="UTF-8"?>
<testsuites name="jest tests" tests="53" failures="0" errors="0" time="29.031">
  <testsuite name="TC-FP-001 - Verify successful creation of a new Space Tag" errors="0" failures="0" skipped="0" timestamp="2025-11-25T19:47:59" time="11.115" tests="3">
    <testcase classname="TC-FP-001 - Verify successful creation of a new Space Tag Create Tag - Valid Data" name="TC-FP-001 - Verify successful creation of a new Space Tag Create Tag - Valid Data" time="0.642">
    </testcase>
    <testcase classname="TC-FP-001 - Verify successful creation of a new Space Tag Get Tags - Verify Creation" name="TC-FP-001 - Verify successful creation of a new Space Tag Get Tags - Verify Creation" time="0.957">
    </testcase>
    <testcase classname="TC-FP-001 - Verify successful creation of a new Space Tag Delete Tag - Verify Deletion" name="TC-FP-001 - Verify successful creation of a new Space Tag Delete Tag - Verify Deletion" time="0.936">
    </testcase>
  </testsuite>
  <testsuite name="TC-FP-002 - Verify successful update of an existing Space Tag" errors="0" failures="0" skipped="0" timestamp="2025-11-25T19:47:59" time="11.872" tests="5">
    <testcase classname="TC-FP-002 - Verify successful update of an existing Space Tag Create Tag - Initial Tag for Update Test" name="TC-FP-002 - Verify successful update of an existing Space Tag Create Tag - Initial Tag for Update Test" time="0.601">
    </testcase>
    <testcase classname="TC-FP-002 - Verify successful update of an existing Space Tag Get Tags - Verify Initial Tag Creation" name="TC-FP-002 - Verify successful update of an existing Space Tag Get Tags - Verify Initial Tag Creation" time="0.811">
    </testcase>
    <testcase classname="TC-FP-002 - Verify successful update of an existing Space Tag Update Tag - Change Tag Colors" name="TC-FP-002 - Verify successful update of an existing Space Tag Update Tag - Change Tag Colors" time="1.031">
    </testcase>
    <testcase classname="TC-FP-002 - Verify successful update of an existing Space Tag Get Tags - Verify Tag Update" name="TC-FP-002 - Verify successful update of an existing Space Tag Get Tags - Verify Tag Update" time="1.2">
    </testcase>
    <testcase classname="TC-FP-002 - Verify successful update of an existing Space Tag Delete Tag - Cleanup After Update Test" name="TC-FP-002 - Verify successful update of an existing Space Tag Delete Tag - Cleanup After Update Test" time="0.587">
    </testcase>
  </testsuite>
  <testsuite name="TC-FN-002–Verify that a user cannot create a task with invalid data" errors="0" failures="0" skipped="0" timestamp="2025-11-25T19:47:59" time="14.764" tests="6">
    <testcase classname="TC-FN-002–Verify that a user cannot create a task with invalid data Create Task - Valid Data" name="TC-FN-002–Verify that a user cannot create a task with invalid data Create Task - Valid Data" time="1.408">
    </testcase>
    <testcase classname="TC-FN-002–Verify that a user cannot create a task with invalid data Create Task - Invalid Data (Empty Name)" name="TC-FN-002–Verify that a user cannot create a task with invalid data Create Task - Invalid Data (Empty Name)" time="0.502">
    </testcase>
    <testcase classname="TC-FN-002–Verify that a user cannot create a task with invalid data Create Task - Invalid Data (Null Name)" name="TC-FN-002–Verify that a user cannot create a task with invalid data Create Task - Invalid Data (Null Name)" time="0.288">
    </testcase>
    <testcase classname="TC-FN-002–Verify that a user cannot create a task with invalid data Create Task - Invalid Data (Missing Name)" name="TC-FN-002–Verify that a user cannot create a task with invalid data Create Task - Invalid Data (Missing Name)" time="0.242">
    </testcase>
    <testcase classname="TC-FN-002–Verify that a user cannot create a task with invalid data Create Task - Invalid Data (Very Long Name)" name="TC-FN-002–Verify that a user cannot create a task with invalid data Create Task - Invalid Data (Very Long Name)" time="1.312">
    </testcase>
    <testcase classname="TC-FN-002–Verify that a user cannot create a task with invalid data Get Task - Verify Creation" name="TC-FN-002–Verify that a user cannot create a task with invalid data Get Task - Verify Creation" time="1.866">
    </testcase>
  </testsuite>
  <testsuite name="TC-FR-005 - Verify that creating a folder with duplicate name produces consistent behavior" errors="0" failures="0" skipped="0" timestamp="2025-11-25T19:47:59" time="15.256" tests="4">
    <testcase classname="TC-FR-005 - Verify that creating a folder with duplicate name produces consistent behavior Create Folder - First Instance" name="TC-FR-005 - Verify that creating a folder with duplicate name produces consistent behavior Create Folder - First Instance" time="1.779">
    </testcase>
    <testcase classname="TC-FR-005 - Verify that creating a folder with duplicate name produces consistent behavior Create Folder - Duplicate Name (Second Instance)" name="TC-FR-005 - Verify that creating a folder with duplicate name produces consistent behavior Create Folder - Duplicate Name (Second Instance)" time="1.827">
    </testcase>
    <testcase classname="TC-FR-005 - Verify that creating a folder with duplicate name produces consistent behavior Get Folders - Verify Consistency" name="TC-FR-005 - Verify that creating a folder with duplicate name produces consistent behavior Get Folders - Verify Consistency" time="2.367">
    </testcase>
    <testcase classname="TC-FR-005 - Verify that creating a folder with duplicate name produces consistent behavior Create Folder - Third Instance (Reliability Check)" name="TC-FR-005 - Verify that creating a folder with duplicate name produces consistent behavior Create Folder - Third Instance (Reliability Check)" time="1.808">
    </testcase>
  </testsuite>
  <testsuite name="TC-FN-005 - Verify that a user can update specific task fields without affecting other data" errors="0" failures="0" skipped="0" timestamp="2025-11-25T19:47:59" time="15.764" tests="3">
    <testcase classname="TC-FN-005 - Verify that a user can update specific task fields without affecting other data Create Task with Multiple Fields for Partial Update Test" name="TC-FN-005 - Verify that a user can update specific task fields without affecting other data Create Task with Multiple Fields for Partial Update Test" time="1.632">
    </testcase>
    <testcase classname="TC-FN-005 - Verify that a user can update specific task fields without affecting other data Partial Update - Update Only Description Field" name="TC-FN-005 - Verify that a user can update specific task fields without affecting other data Partial Update - Update Only Description Field" time="2.708">
    </testcase>
    <testcase classname="TC-FN-005 - Verify that a user can update specific task fields without affecting other data Partial Update - Update Multiple Specific Fields" name="TC-FN-005 - Verify that a user can update specific task fields without affecting other data Partial Update - Update Multiple Specific Fields" time="2.448">
    </testcase>
  </testsuite>
  <testsuite name="TC-FP-003 - Verify that a user can update the status of an existing task" errors="0" failures="0" skipped="0" timestamp="2025-11-25T19:47:59" time="16.246" tests="3">
    <testcase classname="TC-FP-003 - Verify that a user can update the status of an existing task Create Task - Initial Status" name="TC-FP-003 - Verify that a user can update the status of an existing task Create Task - Initial Status" time="1.748">
    </testcase>
    <testcase classname="TC-FP-003 - Verify that a user can update the status of an existing task Update Task Status and Verify - Valid Status Change" name="TC-FP-003 - Verify that a user can update the status of an existing task Update Task Status and Verify - Valid Status Change" time="2.691">
    </testcase>
    <testcase classname="TC-FP-003 - Verify that a user can update the status of an existing task Update Task - Multiple Fields Including Status and Verify" name="TC-FP-003 - Verify that a user can update the status of an existing task Update Task - Multiple Fields Including Status and Verify" time="2.538">
    </testcase>
  </testsuite>
  <testsuite name="TC-FF-004 - Validate that system properly handles special characters in folder name" errors="0" failures="0" skipped="0" timestamp="2025-11-25T19:48:10" time="8.107" tests="3">
    <testcase classname="TC-FF-004 - Validate that system properly handles special characters in folder name Create Folder - Special Characters" name="TC-FF-004 - Validate that system properly handles special characters in folder name Create Folder - Special Characters" time="1.737">
    </testcase>
    <testcase classname="TC-FF-004 - Validate that system properly handles special characters in folder name Create Folder - Emojis" name="TC-FF-004 - Validate that system properly handles special characters in folder name Create Folder - Emojis" time="1.195">
    </testcase>
    <testcase classname="TC-FF-004 - Validate that system properly handles special characters in folder name Create Folder - Unicode Characters" name="TC-FF-004 - Validate that system properly handles special characters in folder name Create Folder - Unicode Characters" time="1.693">
    </testcase>
  </testsuite>
  <testsuite name="TC-S-003 - Verify that folder creation endpoint requires valid authentication token" errors="0" failures="0" skipped="0" timestamp="2025-11-25T19:48:14" time="4.764" tests="4">
    <testcase classname="TC-S-003 - Verify that folder creation endpoint requires valid authentication token Create Folder - No Auth Token" name="TC-S-003 - Verify that folder creation endpoint requires valid authentication token Create Folder - No Auth Token" time="0.244">
    </testcase>
    <testcase classname="TC-S-003 - Verify that folder creation endpoint requires valid authentication token Create Folder - Invalid Token" name="TC-S-003 - Verify that folder creation endpoint requires valid authentication token Create Folder - Invalid Token" time="0.173">
    </testcase>
    <testcase classname="TC-S-003 - Verify that folder creation endpoint requires valid authentication token Get Folders - No Auth Token" name="TC-S-003 - Verify that folder creation endpoint requires valid authentication token Get Folders - No Auth Token" time="0.161">
    </testcase>
    <testcase classname="TC-S-003 - Verify that folder creation endpoint requires valid authentication token Update Folder - No Auth Token" name="TC-S-003 - Verify that folder creation endpoint requires valid authentication token Update Folder - No Auth Token" time="0.159">
    </testcase>
  </testsuite>
  <testsuite name="TC-FN-004 - Verify error handling when tag name is missing" errors="0" failures="0" skipped="0" timestamp="2025-11-25T19:48:14" time="5.089" tests="2">
    <testcase classname="TC-FN-004 - Verify error handling when tag name is missing POST - Missing Name should return error 400" name="TC-FN-004 - Verify error handling when tag name is missing POST - Missing Name should return error 400" time="0.35">
    </testcase>
    <testcase classname="TC-FN-004 - Verify error handling when tag name is missing GET - Verify tag with missing name was NOT created" name="TC-FN-004 - Verify error handling when tag name is missing GET - Verify tag with missing name was NOT created" time="0.673">
    </testcase>
  </testsuite>
  <testsuite name="TC-FP-001 - Verify that a user can create a task with valid data" errors="0" failures="0" skipped="0" timestamp="2025-11-25T19:48:11" time="8.765" tests="2">
    <testcase classname="TC-FP-001 - Verify that a user can create a task with valid data Create Task - Valid Data" name="TC-FP-001 - Verify that a user can create a task with valid data Create Task - Valid Data" time="1.192">
    </testcase>
    <testcase classname="TC-FP-001 - Verify that a user can create a task with valid data Get Task - Verify Creation" name="TC-FP-001 - Verify that a user can create a task with valid data Get Task - Verify Creation" time="1.526">
    </testcase>
  </testsuite>
  <testsuite name="ClickUp Comments API - Test002" errors="0" failures="0" skipped="0" timestamp="2025-11-25T19:48:15" time="5.607" tests="2">
    <testcase classname="ClickUp Comments API - Test002 Should update comment correctly" name="ClickUp Comments API - Test002 Should update comment correctly" time="0.402">
    </testcase>
    <testcase classname="ClickUp Comments API - Test002 Should validate comment (Update) list schema and check comment existence" name="ClickUp Comments API - Test002 Should validate comment (Update) list schema and check comment existence" time="0.788">
    </testcase>
  </testsuite>
  <testsuite name="ClickUp Comments API - Test005" errors="0" failures="0" skipped="0" timestamp="2025-11-25T19:48:15" time="6.079" tests="2">
    <testcase classname="ClickUp Comments API - Test005 Should create a chat view comment and validate schema" name="ClickUp Comments API - Test005 Should create a chat view comment and validate schema" time="0.778">
    </testcase>
    <testcase classname="ClickUp Comments API - Test005 Should return valid schema and contain the comment" name="ClickUp Comments API - Test005 Should return valid schema and contain the comment" time="0.882">
    </testcase>
  </testsuite>
  <testsuite name="TC-FP-004 - Verify error handling with invalid Space ID" errors="0" failures="0" skipped="0" timestamp="2025-11-25T19:48:20" time="4.141" tests="1">
    <testcase classname="TC-FP-004 - Verify error handling with invalid Space ID Create Tag with Invalid Space ID - Should Return 400 Error" name="TC-FP-004 - Verify error handling with invalid Space ID Create Tag with Invalid Space ID - Should Return 400 Error" time="0.337">
    </testcase>
  </testsuite>
  <testsuite name="TC-FP-004 - Verify that two or more related tasks can be merged into a single task" errors="0" failures="0" skipped="0" timestamp="2025-11-25T19:47:59" time="25.59" tests="3">
    <testcase classname="TC-FP-004 - Verify that two or more related tasks can be merged into a single task Merge Tasks - Combine Three Tasks into One" name="TC-FP-004 - Verify that two or more related tasks can be merged into a single task Merge Tasks - Combine Three Tasks into One" time="9.139">
    </testcase>
    <testcase classname="TC-FP-004 - Verify that two or more related tasks can be merged into a single task Merge Tasks - Verify Source Tasks Are Deleted" name="TC-FP-004 - Verify that two or more related tasks can be merged into a single task Merge Tasks - Verify Source Tasks Are Deleted" time="4.741">
    </testcase>
    <testcase classname="TC-FP-004 - Verify that two or more related tasks can be merged into a single task Merge Tasks - Single Source Task Combination" name="TC-FP-004 - Verify that two or more related tasks can be merged into a single task Merge Tasks - Single Source Task Combination" time="2.925">
    </testcase>
  </testsuite>
  <testsuite name="ClickUp Comments API - Test004" errors="0" failures="0" skipped="0" timestamp="2025-11-25T19:48:18" time="6.863" tests="2">
    <testcase classname="ClickUp Comments API - Test004 Should create a thread reply comment correctly" name="ClickUp Comments API - Test004 Should create a thread reply comment correctly" time="0.624">
    </testcase>
    <testcase classname="ClickUp Comments API - Test004 Should validate replies list schema and confirm reply exists" name="ClickUp Comments API - Test004 Should validate replies list schema and confirm reply exists" time="1.098">
    </testcase>
  </testsuite>
  <testsuite name="TC-FN-002 - Verify that system returns 400 error when folder name field is missing" errors="0" failures="0" skipped="0" timestamp="2025-11-25T19:48:19" time="6.115" tests="3">
    <testcase classname="TC-FN-002 - Verify that system returns 400 error when folder name field is missing Create Folder - Missing Name Field" name="TC-FN-002 - Verify that system returns 400 error when folder name field is missing Create Folder - Missing Name Field" time="0.453">
    </testcase>
    <testcase classname="TC-FN-002 - Verify that system returns 400 error when folder name field is missing Create Folder - Empty Body" name="TC-FN-002 - Verify that system returns 400 error when folder name field is missing Create Folder - Empty Body" time="0.265">
    </testcase>
    <testcase classname="TC-FN-002 - Verify that system returns 400 error when folder name field is missing Create Folder - Empty Name String" name="TC-FN-002 - Verify that system returns 400 error when folder name field is missing Create Folder - Empty Name String" time="0.245">
    </testcase>
  </testsuite>
  <testsuite name="ClickUp Comments API - Test001" errors="0" failures="0" skipped="0" timestamp="2025-11-25T19:48:19" time="7.07" tests="2">
    <testcase classname="ClickUp Comments API - Test001 Should create a comment" name="ClickUp Comments API - Test001 Should create a comment" time="0.399">
    </testcase>
    <testcase classname="ClickUp Comments API - Test001 Should validate comment list schema and check comment existence" name="ClickUp Comments API - Test001 Should validate comment list schema and check comment existence" time="0.789">
    </testcase>
  </testsuite>
  <testsuite name="TC-FP-001 - Verify that user can create a folder with valid name in existing space" errors="0" failures="0" skipped="0" timestamp="2025-11-25T19:48:20" time="5.536" tests="1">
    <testcase classname="TC-FP-001 - Verify that user can create a folder with valid name in existing space Create and verify folder" name="TC-FP-001 - Verify that user can create a folder with valid name in existing space Create and verify folder" time="1.755">
    </testcase>
  </testsuite>
  <testsuite name="ClickUp Comments API - Test003" errors="0" failures="0" skipped="0" timestamp="2025-11-25T19:48:21" time="5.908" tests="2">
    <testcase classname="ClickUp Comments API - Test003 Should delete comment correctly" name="ClickUp Comments API - Test003 Should delete comment correctly" time="0.436">
    </testcase>
    <testcase classname="ClickUp Comments API - Test003 Should validate comment (Delete) list schema and check comment absence" name="ClickUp Comments API - Test003 Should validate comment (Delete) list schema and check comment absence" time="0.755">
    </testcase>
  </testsuite>
</testsuites>